// Jest Snapshot v1, https://goo.gl/fbAQLP

exports[`ReposGrid 1`] = `
ShallowWrapper {
  Symbol(enzyme.__root__): [Circular],
  Symbol(enzyme.__unrendered__): <RepoProfile
    repos={
      Array [
        Object {
          "description": "sbjs sjdbgdfj ejghrej",
          "forks_count": 1,
          "language": "dfbj",
          "name": "jhfhj",
          "owner": Object {
            "login": "jshfjd",
          },
          "stargazers_count": 2,
          "watchers": 3,
        },
        Object {
          "description": "sdsjhfgjsg gbjrhbgj",
          "forks_count": 45,
          "language": "hf",
          "name": "jfh",
          "owner": Object {
            "login": "hef",
          },
          "stargazers_count": 0,
          "watchers": 1,
        },
      ]
    }
  />,
  Symbol(enzyme.__renderer__): Object {
    "batchedUpdates": [Function],
    "checkPropTypes": [Function],
    "getNode": [Function],
    "render": [Function],
    "simulateError": [Function],
    "simulateEvent": [Function],
    "unmount": [Function],
  },
  Symbol(enzyme.__node__): Object {
    "instance": null,
    "key": undefined,
    "nodeType": "host",
    "props": Object {
      "children": <ul
        className="repos-list"
      >
        <li
          className="repo-item"
        >
          <h3>
            jhfhj
          </h3>
          <div>
            <p>
              sbjs sjdbgdfj ejghrej
            </p>
          </div>
          <RepoWidget
            repo={
              Object {
                "description": "sbjs sjdbgdfj ejghrej",
                "forks_count": 1,
                "language": "dfbj",
                "name": "jhfhj",
                "owner": Object {
                  "login": "jshfjd",
                },
                "stargazers_count": 2,
                "watchers": 3,
              }
            }
          />
        </li>
        <li
          className="repo-item"
        >
          <h3>
            jfh
          </h3>
          <div>
            <p>
              sdsjhfgjsg gbjrhbgj
            </p>
          </div>
          <RepoWidget
            repo={
              Object {
                "description": "sdsjhfgjsg gbjrhbgj",
                "forks_count": 45,
                "language": "hf",
                "name": "jfh",
                "owner": Object {
                  "login": "hef",
                },
                "stargazers_count": 0,
                "watchers": 1,
              }
            }
          />
        </li>
      </ul>,
    },
    "ref": null,
    "rendered": Object {
      "instance": null,
      "key": undefined,
      "nodeType": "host",
      "props": Object {
        "children": Array [
          <li
            className="repo-item"
          >
            <h3>
              jhfhj
            </h3>
            <div>
              <p>
                sbjs sjdbgdfj ejghrej
              </p>
            </div>
            <RepoWidget
              repo={
                Object {
                  "description": "sbjs sjdbgdfj ejghrej",
                  "forks_count": 1,
                  "language": "dfbj",
                  "name": "jhfhj",
                  "owner": Object {
                    "login": "jshfjd",
                  },
                  "stargazers_count": 2,
                  "watchers": 3,
                }
              }
            />
          </li>,
          <li
            className="repo-item"
          >
            <h3>
              jfh
            </h3>
            <div>
              <p>
                sdsjhfgjsg gbjrhbgj
              </p>
            </div>
            <RepoWidget
              repo={
                Object {
                  "description": "sdsjhfgjsg gbjrhbgj",
                  "forks_count": 45,
                  "language": "hf",
                  "name": "jfh",
                  "owner": Object {
                    "login": "hef",
                  },
                  "stargazers_count": 0,
                  "watchers": 1,
                }
              }
            />
          </li>,
        ],
        "className": "repos-list",
      },
      "ref": null,
      "rendered": Array [
        Object {
          "instance": null,
          "key": "jhfhj",
          "nodeType": "host",
          "props": Object {
            "children": Array [
              <h3>
                jhfhj
              </h3>,
              <div>
                <p>
                  sbjs sjdbgdfj ejghrej
                </p>
              </div>,
              <RepoWidget
                repo={
                  Object {
                    "description": "sbjs sjdbgdfj ejghrej",
                    "forks_count": 1,
                    "language": "dfbj",
                    "name": "jhfhj",
                    "owner": Object {
                      "login": "jshfjd",
                    },
                    "stargazers_count": 2,
                    "watchers": 3,
                  }
                }
              />,
            ],
            "className": "repo-item",
          },
          "ref": null,
          "rendered": Array [
            Object {
              "instance": null,
              "key": undefined,
              "nodeType": "host",
              "props": Object {
                "children": "jhfhj",
              },
              "ref": null,
              "rendered": "jhfhj",
              "type": "h3",
            },
            Object {
              "instance": null,
              "key": undefined,
              "nodeType": "host",
              "props": Object {
                "children": <p>
                  sbjs sjdbgdfj ejghrej
                </p>,
              },
              "ref": null,
              "rendered": Object {
                "instance": null,
                "key": undefined,
                "nodeType": "host",
                "props": Object {
                  "children": "sbjs sjdbgdfj ejghrej",
                },
                "ref": null,
                "rendered": "sbjs sjdbgdfj ejghrej",
                "type": "p",
              },
              "type": "div",
            },
            Object {
              "instance": null,
              "key": undefined,
              "nodeType": "function",
              "props": Object {
                "repo": Object {
                  "description": "sbjs sjdbgdfj ejghrej",
                  "forks_count": 1,
                  "language": "dfbj",
                  "name": "jhfhj",
                  "owner": Object {
                    "login": "jshfjd",
                  },
                  "stargazers_count": 2,
                  "watchers": 3,
                },
              },
              "ref": null,
              "rendered": null,
              "type": [Function],
            },
          ],
          "type": "li",
        },
        Object {
          "instance": null,
          "key": "jfh",
          "nodeType": "host",
          "props": Object {
            "children": Array [
              <h3>
                jfh
              </h3>,
              <div>
                <p>
                  sdsjhfgjsg gbjrhbgj
                </p>
              </div>,
              <RepoWidget
                repo={
                  Object {
                    "description": "sdsjhfgjsg gbjrhbgj",
                    "forks_count": 45,
                    "language": "hf",
                    "name": "jfh",
                    "owner": Object {
                      "login": "hef",
                    },
                    "stargazers_count": 0,
                    "watchers": 1,
                  }
                }
              />,
            ],
            "className": "repo-item",
          },
          "ref": null,
          "rendered": Array [
            Object {
              "instance": null,
              "key": undefined,
              "nodeType": "host",
              "props": Object {
                "children": "jfh",
              },
              "ref": null,
              "rendered": "jfh",
              "type": "h3",
            },
            Object {
              "instance": null,
              "key": undefined,
              "nodeType": "host",
              "props": Object {
                "children": <p>
                  sdsjhfgjsg gbjrhbgj
                </p>,
              },
              "ref": null,
              "rendered": Object {
                "instance": null,
                "key": undefined,
                "nodeType": "host",
                "props": Object {
                  "children": "sdsjhfgjsg gbjrhbgj",
                },
                "ref": null,
                "rendered": "sdsjhfgjsg gbjrhbgj",
                "type": "p",
              },
              "type": "div",
            },
            Object {
              "instance": null,
              "key": undefined,
              "nodeType": "function",
              "props": Object {
                "repo": Object {
                  "description": "sdsjhfgjsg gbjrhbgj",
                  "forks_count": 45,
                  "language": "hf",
                  "name": "jfh",
                  "owner": Object {
                    "login": "hef",
                  },
                  "stargazers_count": 0,
                  "watchers": 1,
                },
              },
              "ref": null,
              "rendered": null,
              "type": [Function],
            },
          ],
          "type": "li",
        },
      ],
      "type": "ul",
    },
    "type": "div",
  },
  Symbol(enzyme.__nodes__): Array [
    Object {
      "instance": null,
      "key": undefined,
      "nodeType": "host",
      "props": Object {
        "children": <ul
          className="repos-list"
        >
          <li
            className="repo-item"
          >
            <h3>
              jhfhj
            </h3>
            <div>
              <p>
                sbjs sjdbgdfj ejghrej
              </p>
            </div>
            <RepoWidget
              repo={
                Object {
                  "description": "sbjs sjdbgdfj ejghrej",
                  "forks_count": 1,
                  "language": "dfbj",
                  "name": "jhfhj",
                  "owner": Object {
                    "login": "jshfjd",
                  },
                  "stargazers_count": 2,
                  "watchers": 3,
                }
              }
            />
          </li>
          <li
            className="repo-item"
          >
            <h3>
              jfh
            </h3>
            <div>
              <p>
                sdsjhfgjsg gbjrhbgj
              </p>
            </div>
            <RepoWidget
              repo={
                Object {
                  "description": "sdsjhfgjsg gbjrhbgj",
                  "forks_count": 45,
                  "language": "hf",
                  "name": "jfh",
                  "owner": Object {
                    "login": "hef",
                  },
                  "stargazers_count": 0,
                  "watchers": 1,
                }
              }
            />
          </li>
        </ul>,
      },
      "ref": null,
      "rendered": Object {
        "instance": null,
        "key": undefined,
        "nodeType": "host",
        "props": Object {
          "children": Array [
            <li
              className="repo-item"
            >
              <h3>
                jhfhj
              </h3>
              <div>
                <p>
                  sbjs sjdbgdfj ejghrej
                </p>
              </div>
              <RepoWidget
                repo={
                  Object {
                    "description": "sbjs sjdbgdfj ejghrej",
                    "forks_count": 1,
                    "language": "dfbj",
                    "name": "jhfhj",
                    "owner": Object {
                      "login": "jshfjd",
                    },
                    "stargazers_count": 2,
                    "watchers": 3,
                  }
                }
              />
            </li>,
            <li
              className="repo-item"
            >
              <h3>
                jfh
              </h3>
              <div>
                <p>
                  sdsjhfgjsg gbjrhbgj
                </p>
              </div>
              <RepoWidget
                repo={
                  Object {
                    "description": "sdsjhfgjsg gbjrhbgj",
                    "forks_count": 45,
                    "language": "hf",
                    "name": "jfh",
                    "owner": Object {
                      "login": "hef",
                    },
                    "stargazers_count": 0,
                    "watchers": 1,
                  }
                }
              />
            </li>,
          ],
          "className": "repos-list",
        },
        "ref": null,
        "rendered": Array [
          Object {
            "instance": null,
            "key": "jhfhj",
            "nodeType": "host",
            "props": Object {
              "children": Array [
                <h3>
                  jhfhj
                </h3>,
                <div>
                  <p>
                    sbjs sjdbgdfj ejghrej
                  </p>
                </div>,
                <RepoWidget
                  repo={
                    Object {
                      "description": "sbjs sjdbgdfj ejghrej",
                      "forks_count": 1,
                      "language": "dfbj",
                      "name": "jhfhj",
                      "owner": Object {
                        "login": "jshfjd",
                      },
                      "stargazers_count": 2,
                      "watchers": 3,
                    }
                  }
                />,
              ],
              "className": "repo-item",
            },
            "ref": null,
            "rendered": Array [
              Object {
                "instance": null,
                "key": undefined,
                "nodeType": "host",
                "props": Object {
                  "children": "jhfhj",
                },
                "ref": null,
                "rendered": "jhfhj",
                "type": "h3",
              },
              Object {
                "instance": null,
                "key": undefined,
                "nodeType": "host",
                "props": Object {
                  "children": <p>
                    sbjs sjdbgdfj ejghrej
                  </p>,
                },
                "ref": null,
                "rendered": Object {
                  "instance": null,
                  "key": undefined,
                  "nodeType": "host",
                  "props": Object {
                    "children": "sbjs sjdbgdfj ejghrej",
                  },
                  "ref": null,
                  "rendered": "sbjs sjdbgdfj ejghrej",
                  "type": "p",
                },
                "type": "div",
              },
              Object {
                "instance": null,
                "key": undefined,
                "nodeType": "function",
                "props": Object {
                  "repo": Object {
                    "description": "sbjs sjdbgdfj ejghrej",
                    "forks_count": 1,
                    "language": "dfbj",
                    "name": "jhfhj",
                    "owner": Object {
                      "login": "jshfjd",
                    },
                    "stargazers_count": 2,
                    "watchers": 3,
                  },
                },
                "ref": null,
                "rendered": null,
                "type": [Function],
              },
            ],
            "type": "li",
          },
          Object {
            "instance": null,
            "key": "jfh",
            "nodeType": "host",
            "props": Object {
              "children": Array [
                <h3>
                  jfh
                </h3>,
                <div>
                  <p>
                    sdsjhfgjsg gbjrhbgj
                  </p>
                </div>,
                <RepoWidget
                  repo={
                    Object {
                      "description": "sdsjhfgjsg gbjrhbgj",
                      "forks_count": 45,
                      "language": "hf",
                      "name": "jfh",
                      "owner": Object {
                        "login": "hef",
                      },
                      "stargazers_count": 0,
                      "watchers": 1,
                    }
                  }
                />,
              ],
              "className": "repo-item",
            },
            "ref": null,
            "rendered": Array [
              Object {
                "instance": null,
                "key": undefined,
                "nodeType": "host",
                "props": Object {
                  "children": "jfh",
                },
                "ref": null,
                "rendered": "jfh",
                "type": "h3",
              },
              Object {
                "instance": null,
                "key": undefined,
                "nodeType": "host",
                "props": Object {
                  "children": <p>
                    sdsjhfgjsg gbjrhbgj
                  </p>,
                },
                "ref": null,
                "rendered": Object {
                  "instance": null,
                  "key": undefined,
                  "nodeType": "host",
                  "props": Object {
                    "children": "sdsjhfgjsg gbjrhbgj",
                  },
                  "ref": null,
                  "rendered": "sdsjhfgjsg gbjrhbgj",
                  "type": "p",
                },
                "type": "div",
              },
              Object {
                "instance": null,
                "key": undefined,
                "nodeType": "function",
                "props": Object {
                  "repo": Object {
                    "description": "sdsjhfgjsg gbjrhbgj",
                    "forks_count": 45,
                    "language": "hf",
                    "name": "jfh",
                    "owner": Object {
                      "login": "hef",
                    },
                    "stargazers_count": 0,
                    "watchers": 1,
                  },
                },
                "ref": null,
                "rendered": null,
                "type": [Function],
              },
            ],
            "type": "li",
          },
        ],
        "type": "ul",
      },
      "type": "div",
    },
  ],
  Symbol(enzyme.__options__): Object {
    "adapter": ReactSixteenAdapter {
      "options": Object {
        "enableComponentDidUpdateOnSetState": true,
        "legacyContextMode": "parent",
        "lifecycles": Object {
          "componentDidUpdate": Object {
            "onSetState": true,
          },
          "getChildContext": Object {
            "calledByRenderer": false,
          },
          "getDerivedStateFromProps": Object {
            "hasShouldComponentUpdateBug": false,
          },
          "getSnapshotBeforeUpdate": true,
          "setState": Object {
            "skipsComponentDidUpdateOnNullish": true,
          },
        },
      },
    },
  },
}
`;
